// Jest Snapshot v1, https://goo.gl/fbAQLP

exports[`Renders corretly 1`] = `
<ul
  className="sc-bdVaJa euFgJ"
>
  <h3
    className="sc-bwzfXH fXTzBZ"
  >
    Artist – Album (date)
  </h3>
  <li
    className="sc-htpNat eyBljw"
  >
    <span
      className="artist sc-bxivhb bUZGRr"
    >
       
      Deafheaven
    </span>
     
    –
    <span
      className="album sc-ifAKCX cFlEyZ"
    >
       
      Ordinary Corrupt Human Love
       
    </span>
    <span
      className="date sc-EHOje jvzENE"
    >
      (
      13.7.2018
      )
    </span>
  </li>
  <li
    className="sc-htpNat gYFGsz"
  >
    <span
      className="artist sc-bxivhb bUZGRr"
    >
       
      Urfaust
    </span>
     
    –
    <span
      className="album sc-ifAKCX cFlEyZ"
    >
       
      Constellatory Practice
       
    </span>
    <span
      className="date sc-EHOje jvzENE"
    >
      (
      25.5.2018
      )
    </span>
  </li>
</ul>
`;

exports[`Renders corretly if value doesn't match 1`] = `
<ul
  className="sc-bdVaJa euFgJ"
>
  <h3
    className="sc-bwzfXH fXTzBZ"
  >
    Artist – Album (date)
  </h3>
</ul>
`;
