// Jest Snapshot v1, https://goo.gl/fbAQLP

exports[`<Buttons /> Renders correctly 1`] = `
<div
  className="Wrapper-t8at1t-0 cEVezx"
>
  <div
    className="Container-s1cvj67l-0 kUgPaT"
  >
    <input
      aria-label="search"
      className="Input-s1cvj67l-1 eaTpaa"
      name="search-field"
      onChange={[Function]}
      placeholder="Search"
      type="text"
      value="Opeth"
    />
  </div>
  <div
    className="app__button Button-t8at1t-1 fASBcw"
    onClick={[Function]}
  >
    CD
  </div>
  <div
    className="app__button Button-t8at1t-1 fASBcw"
    onClick={[Function]}
  >
    Coming
  </div>
  <div
    className="app__button Button-t8at1t-1 fASBcw"
    onClick={[Function]}
  >
    Wishlist
  </div>
  <div
    className="app__button Button-t8at1t-1 fASBcw"
    onClick={[Function]}
  >
    Vinyls
  </div>
</div>
`;
