// Jest Snapshot v1, https://goo.gl/fbAQLP

exports[`<Buttons /> Renders correctly 1`] = `
<div
  className="sc-htpNat eUEVxm"
>
  <div
    className="sc-bdVaJa ewtIVp"
  >
    <input
      className="sc-bwzfXH gYQVeA"
      name="search-field"
      onChange={[Function]}
      placeholder="Search"
      type="text"
      value="Opeth"
    />
  </div>
  <div
    className="app__button sc-bxivhb czGGTy"
    onClick={[Function]}
  >
    CD
  </div>
  <div
    className="app__button sc-bxivhb czGGTy"
    onClick={[Function]}
  >
    Coming
  </div>
  <div
    className="app__button sc-bxivhb czGGTy"
    onClick={[Function]}
  >
    Wishlist
  </div>
  <div
    className="app__button sc-bxivhb czGGTy"
    onClick={[Function]}
  >
    Vinyls
  </div>
</div>
`;
