// Jest Snapshot v1, https://goo.gl/fbAQLP

exports[`Login renders correctly 1`] = `
<div>
  <h3>
    Login
  </h3>
  <form
    onSubmit={[Function]}
  >
    <div>
      <label>
        Username 
        <input
          onChange={[Function]}
          type="text"
          value=""
        />
      </label>
    </div>
    <div>
      <label>
        Password 
        <input
          onChange={[Function]}
          type="password"
          value=""
        />
      </label>
    </div>
    <button
      disabled={true}
      type="submit"
    >
      Login
    </button>
  </form>
</div>
`;
